# Test type: same
  a='12345' -> 5
  b='12345' -> 5
  c='12345' -> 5
$ diff2 A B
  E     a[0:5] (12345) / b[0:5] (12345)
$ diff2 C B
  E     c[0:5] (12345) / b[0:5] (12345)
$ diff3 A B C
  E     a[0:5] (12345) / b[0:5] (12345) / c[0:5] (12345)
===========================================================
# Test type: add a side
  a='a12345z' -> 7
  b='1245' -> 4
  c='1245' -> 4
$ diff2 A B
  N     a[0:1] (a) / b[0:0] ()
  E     a[1:3] (12) / b[0:2] (12)
  N     a[3:4] (3) / b[2:2] ()
  E     a[4:6] (45) / b[2:4] (45)
  N     a[6:7] (z) / b[4:4] ()
$ diff2 C B
  E     c[0:4] (1245) / b[0:4] (1245)
$ diff3 A B C
  A     a[0:1] (a) / b[0:0] () / c[0:0] ()
  E     a[1:3] (12) / b[0:2] (12) / c[0:2] (12)
  A     a[3:4] (3) / b[2:2] () / c[2:2] ()
  E     a[4:6] (45) / b[2:4] (45) / c[2:4] (45)
  A     a[6:7] (z) / b[4:4] () / c[4:4] ()
===========================================================
# Test type: add same
  a='a12345z' -> 7
  b='1245' -> 4
  c='a12345z' -> 7
$ diff2 A B
  N     a[0:1] (a) / b[0:0] ()
  E     a[1:3] (12) / b[0:2] (12)
  N     a[3:4] (3) / b[2:2] ()
  E     a[4:6] (45) / b[2:4] (45)
  N     a[6:7] (z) / b[4:4] ()
$ diff2 C B
  N     c[0:1] (a) / b[0:0] ()
  E     c[1:3] (12) / b[0:2] (12)
  N     c[3:4] (3) / b[2:2] ()
  E     c[4:6] (45) / b[2:4] (45)
  N     c[6:7] (z) / b[4:4] ()
$ diff3 A B C
  e     a[0:1] (a) / b[0:0] () / c[0:1] (a)
  E     a[1:3] (12) / b[0:2] (12) / c[1:3] (12)
  e     a[3:4] (3) / b[2:2] () / c[3:4] (3)
  E     a[4:6] (45) / b[2:4] (45) / c[4:6] (45)
  e     a[6:7] (z) / b[4:4] () / c[6:7] (z)
===========================================================
# Test type: add c side
  a='1245' -> 4
  b='1245' -> 4
  c='a12345z' -> 7
$ diff2 A B
  E     a[0:4] (1245) / b[0:4] (1245)
$ diff2 C B
  N     c[0:1] (a) / b[0:0] ()
  E     c[1:3] (12) / b[0:2] (12)
  N     c[3:4] (3) / b[2:2] ()
  E     c[4:6] (45) / b[2:4] (45)
  N     c[6:7] (z) / b[4:4] ()
$ diff3 A B C
  C     a[0:0] () / b[0:0] () / c[0:1] (a)
  E     a[0:2] (12) / b[0:2] (12) / c[1:3] (12)
  C     a[2:2] () / b[2:2] () / c[3:4] (3)
  E     a[2:4] (45) / b[2:4] (45) / c[4:6] (45)
  C     a[4:4] () / b[4:4] () / c[6:7] (z)
===========================================================
# Test type: delete a side
  a='24' -> 2
  b='12345' -> 5
  c='12345' -> 5
$ diff2 A B
  N     a[0:0] () / b[0:1] (1)
  E     a[0:1] (2) / b[1:2] (2)
  N     a[1:1] () / b[2:3] (3)
  E     a[1:2] (4) / b[3:4] (4)
  N     a[2:2] () / b[4:5] (5)
$ diff2 C B
  E     c[0:5] (12345) / b[0:5] (12345)
$ diff3 A B C
  A     a[0:0] () / b[0:1] (1) / c[0:1] (1)
  E     a[0:1] (2) / b[1:2] (2) / c[1:2] (2)
  A     a[1:1] () / b[2:3] (3) / c[2:3] (3)
  E     a[1:2] (4) / b[3:4] (4) / c[3:4] (4)
  A     a[2:2] () / b[4:5] (5) / c[4:5] (5)
===========================================================
# Test type: delete same
  a='24' -> 2
  b='12345' -> 5
  c='24' -> 2
$ diff2 A B
  N     a[0:0] () / b[0:1] (1)
  E     a[0:1] (2) / b[1:2] (2)
  N     a[1:1] () / b[2:3] (3)
  E     a[1:2] (4) / b[3:4] (4)
  N     a[2:2] () / b[4:5] (5)
$ diff2 C B
  N     c[0:0] () / b[0:1] (1)
  E     c[0:1] (2) / b[1:2] (2)
  N     c[1:1] () / b[2:3] (3)
  E     c[1:2] (4) / b[3:4] (4)
  N     c[2:2] () / b[4:5] (5)
$ diff3 A B C
  e     a[0:0] () / b[0:1] (1) / c[0:0] ()
  E     a[0:1] (2) / b[1:2] (2) / c[0:1] (2)
  e     a[1:1] () / b[2:3] (3) / c[1:1] ()
  E     a[1:2] (4) / b[3:4] (4) / c[1:2] (4)
  e     a[2:2] () / b[4:5] (5) / c[2:2] ()
===========================================================
# Test type: delete c side
  a='12345' -> 5
  b='12345' -> 5
  c='24' -> 2
$ diff2 A B
  E     a[0:5] (12345) / b[0:5] (12345)
$ diff2 C B
  N     c[0:0] () / b[0:1] (1)
  E     c[0:1] (2) / b[1:2] (2)
  N     c[1:1] () / b[2:3] (3)
  E     c[1:2] (4) / b[3:4] (4)
  N     c[2:2] () / b[4:5] (5)
$ diff3 A B C
  C     a[0:1] (1) / b[0:1] (1) / c[0:0] ()
  E     a[1:2] (2) / b[1:2] (2) / c[0:1] (2)
  C     a[2:3] (3) / b[2:3] (3) / c[1:1] ()
  E     a[3:4] (4) / b[3:4] (4) / c[1:2] (4)
  C     a[4:5] (5) / b[4:5] (5) / c[2:2] ()
===========================================================
# Test type: conflict both ends
  a='a2b4c' -> 5
  b='12345' -> 5
  c='x2y4z' -> 5
$ diff2 A B
  N     a[0:1] (a) / b[0:1] (1)
  E     a[1:2] (2) / b[1:2] (2)
  N     a[2:3] (b) / b[2:3] (3)
  E     a[3:4] (4) / b[3:4] (4)
  N     a[4:5] (c) / b[4:5] (5)
$ diff2 C B
  N     c[0:1] (x) / b[0:1] (1)
  E     c[1:2] (2) / b[1:2] (2)
  N     c[2:3] (y) / b[2:3] (3)
  E     c[3:4] (4) / b[3:4] (4)
  N     c[4:5] (z) / b[4:5] (5)
$ diff3 A B C
  N     a[0:1] (a) / b[0:1] (1) / c[0:1] (x)
  E     a[1:2] (2) / b[1:2] (2) / c[1:2] (2)
  N     a[2:3] (b) / b[2:3] (3) / c[2:3] (y)
  E     a[3:4] (4) / b[3:4] (4) / c[3:4] (4)
  N     a[4:5] (c) / b[4:5] (5) / c[4:5] (z)
===========================================================
# Test type: conflict skewed
  a='1a2b4c' -> 6
  b='12345' -> 5
  c='x2y45z' -> 6
$ diff2 A B
  E     a[0:1] (1) / b[0:1] (1)
  N     a[1:2] (a) / b[1:1] ()
  E     a[2:3] (2) / b[1:2] (2)
  N     a[3:4] (b) / b[2:3] (3)
  E     a[4:5] (4) / b[3:4] (4)
  N     a[5:6] (c) / b[4:5] (5)
$ diff2 C B
  N     c[0:1] (x) / b[0:1] (1)
  E     c[1:2] (2) / b[1:2] (2)
  N     c[2:3] (y) / b[2:3] (3)
  E     c[3:5] (45) / b[3:5] (45)
  N     c[5:6] (z) / b[5:5] ()
$ diff3 A B C
  C     a[0:1] (1) / b[0:1] (1) / c[0:1] (x)
  A     a[1:2] (a) / b[1:1] () / c[1:1] ()
  E     a[2:3] (2) / b[1:2] (2) / c[1:2] (2)
  N     a[3:4] (b) / b[2:3] (3) / c[2:3] (y)
  E     a[4:5] (4) / b[3:4] (4) / c[3:4] (4)
  A     a[5:6] (c) / b[4:5] (5) / c[4:5] (5)
  C     a[6:6] () / b[5:5] () / c[5:6] (z)
===========================================================
