DEBUG: main.py: main: ============================== start of main ==============================
DEBUG: initialize_confs.py: initialize_confs: confs: end with len(confs)=6
DEBUG: main.py: main: confs['config'] >>> key='version' value='3.0'
DEBUG: main.py: main: confs['config'] >>> key='confirm_exit' value='True'
DEBUG: main.py: main: confs['config'] >>> key='confirm_quit' value='True'
DEBUG: main.py: main: confs['key'] >>> key='select_a' value='a'
DEBUG: main.py: main: confs['key'] >>> key='select_b' value='b'
DEBUG: main.py: main: confs['key'] >>> key='select_c' value='c'
DEBUG: main.py: main: confs['key'] >>> key='select_d' value='d'
DEBUG: main.py: main: confs['key'] >>> key='select_e' value='e'
DEBUG: main.py: main: confs['key'] >>> key='select_f' value='f'
DEBUG: main.py: main: confs['key'] >>> key='select_g' value='g'
DEBUG: main.py: main: confs['key'] >>> key='select_h' value='h'
DEBUG: main.py: main: confs['key'] >>> key='select_i' value='i'
DEBUG: main.py: main: confs['key'] >>> key='select_j' value='j'
DEBUG: main.py: main: confs['key'] >>> key='select_k' value='k'
DEBUG: main.py: main: confs['key'] >>> key='select_l' value='l'
DEBUG: main.py: main: confs['key'] >>> key='select_m' value='m'
DEBUG: main.py: main: confs['key'] >>> key='select_n' value='n'
DEBUG: main.py: main: confs['key'] >>> key='select_o' value='o'
DEBUG: main.py: main: confs['key'] >>> key='select_p' value='p'
DEBUG: main.py: main: confs['key'] >>> key='select_q' value='q'
DEBUG: main.py: main: confs['key'] >>> key='select_r' value='r'
DEBUG: main.py: main: confs['key'] >>> key='select_s' value='s'
DEBUG: main.py: main: confs['key'] >>> key='select_t' value='t'
DEBUG: main.py: main: confs['key'] >>> key='select_u' value='u'
DEBUG: main.py: main: confs['key'] >>> key='select_v' value='v'
DEBUG: main.py: main: confs['key'] >>> key='select_w' value='w'
DEBUG: main.py: main: confs['key'] >>> key='select_x' value='x'
DEBUG: main.py: main: confs['key'] >>> key='select_y' value='y'
DEBUG: main.py: main: confs['key'] >>> key='select_z' value='z'
DEBUG: main.py: main: confs['key'] >>> key='select_space' value='SPACE'
DEBUG: main.py: main: confs['key'] >>> key='select_!' value='!'
DEBUG: main.py: main: confs['key'] >>> key='select_"' value='"'
DEBUG: main.py: main: confs['key'] >>> key='select_hash' value='HASH'
DEBUG: main.py: main: confs['key'] >>> key='select_$' value='$'
DEBUG: main.py: main: confs['key'] >>> key='select_percent' value='PERCENT'
DEBUG: main.py: main: confs['key'] >>> key='select_&' value='&'
DEBUG: main.py: main: confs['key'] >>> key='select_'' value='''
DEBUG: main.py: main: confs['key'] >>> key='select_(' value='('
DEBUG: main.py: main: confs['key'] >>> key='select_)' value=')'
DEBUG: main.py: main: confs['key'] >>> key='select_*' value='*'
DEBUG: main.py: main: confs['key'] >>> key='select_+' value='+'
DEBUG: main.py: main: confs['key'] >>> key='select_,' value=','
DEBUG: main.py: main: confs['key'] >>> key='select_-' value='-'
DEBUG: main.py: main: confs['key'] >>> key='select_.' value='.'
DEBUG: main.py: main: confs['key'] >>> key='select_/' value='/'
DEBUG: main.py: main: confs['key'] >>> key='select_0' value='0'
DEBUG: main.py: main: confs['key'] >>> key='select_1' value='1'
DEBUG: main.py: main: confs['key'] >>> key='select_2' value='2'
DEBUG: main.py: main: confs['key'] >>> key='select_3' value='3'
DEBUG: main.py: main: confs['key'] >>> key='select_4' value='4'
DEBUG: main.py: main: confs['key'] >>> key='select_5' value='5'
DEBUG: main.py: main: confs['key'] >>> key='select_6' value='6'
DEBUG: main.py: main: confs['key'] >>> key='select_7' value='7'
DEBUG: main.py: main: confs['key'] >>> key='select_8' value='8'
DEBUG: main.py: main: confs['key'] >>> key='select_9' value='9'
DEBUG: main.py: main: confs['key'] >>> key='select_colon' value='COLON'
DEBUG: main.py: main: confs['key'] >>> key='select_;' value=';'
DEBUG: main.py: main: confs['key'] >>> key='select_<' value='>'
DEBUG: main.py: main: confs['key'] >>> key='select_equal' value='EQUAL'
DEBUG: main.py: main: confs['key'] >>> key='select_>' value='>'
DEBUG: main.py: main: confs['key'] >>> key='select_?' value='?'
DEBUG: main.py: main: confs['key'] >>> key='select_@' value='@'
DEBUG: main.py: main: confs['key'] >>> key='select_lbracket' value='LBRACKET'
DEBUG: main.py: main: confs['key'] >>> key='select_backslash' value='BACKSLASH'
DEBUG: main.py: main: confs['key'] >>> key='select_rbracket' value='RBRACKET'
DEBUG: main.py: main: confs['key'] >>> key='select_^' value='^'
DEBUG: main.py: main: confs['key'] >>> key='select__' value='_'
DEBUG: main.py: main: confs['key'] >>> key='select_`' value='`'
DEBUG: main.py: main: confs['key'] >>> key='select_{' value='{'
DEBUG: main.py: main: confs['key'] >>> key='select_|' value='|'
DEBUG: main.py: main: confs['key'] >>> key='select_}' value='}'
DEBUG: main.py: main: confs['key'] >>> key='select_~' value='~'
DEBUG: main.py: main: confs['key'] >>> key='select_del' value='DEL'
DEBUG: main.py: main: confs['key'] >>> key='select_tab' value='TAB'
DEBUG: main.py: main: confs['key'] >>> key='select_btab' value='BTAB'
DEBUG: main.py: main: confs['key'] >>> key='select_enter' value='ENTER'
DEBUG: main.py: main: confs['key'] >>> key='select_up' value='UP'
DEBUG: main.py: main: confs['key'] >>> key='select_down' value='DOWN'
DEBUG: main.py: main: confs['key'] >>> key='select_left' value='LEFT'
DEBUG: main.py: main: confs['key'] >>> key='select_right' value='RIGHT'
DEBUG: main.py: main: confs['key'] >>> key='select_insert' value='INSERT'
DEBUG: main.py: main: confs['key'] >>> key='select_delete' value='DELETE'
DEBUG: main.py: main: confs['key'] >>> key='select_home' value='HOME'
DEBUG: main.py: main: confs['key'] >>> key='select_end' value='END'
DEBUG: main.py: main: confs['key'] >>> key='select_pageup' value='PAGEUP'
DEBUG: main.py: main: confs['key'] >>> key='select_pagedown' value='PAGEDOWN'
DEBUG: main.py: main: confs['key'] >>> key='select_backspace' value='BACKSPACE'
DEBUG: main.py: main: confs['key'] >>> key='select_f1' value='F1'
DEBUG: main.py: main: confs['key'] >>> key='select_f2' value='F2'
DEBUG: main.py: main: confs['key'] >>> key='select_f3' value='F3'
DEBUG: main.py: main: confs['key'] >>> key='select_f4' value='F4'
DEBUG: main.py: main: confs['key'] >>> key='select_f5' value='F5'
DEBUG: main.py: main: confs['key'] >>> key='select_f6' value='F6'
DEBUG: main.py: main: confs['key'] >>> key='select_f7' value='F7'
DEBUG: main.py: main: confs['key'] >>> key='select_f8' value='F8'
DEBUG: main.py: main: confs['key'] >>> key='select_f9' value='F9'
DEBUG: main.py: main: confs['key'] >>> key='select_f10' value='F10'
DEBUG: main.py: main: confs['key'] >>> key='select_f11' value='F11'
DEBUG: main.py: main: confs['key'] >>> key='select_f12' value='F11'
DEBUG: main.py: main: confs['attrib'] >>> key='color_merge_ab' value='WHITE,NORMAL'
DEBUG: main.py: main: confs['attrib'] >>> key='color_merge_abc' value='WHITE,NORMAL'
DEBUG: main.py: main: confs['attrib'] >>> key='color_merge_ac' value='WHITE,NORMAL'
DEBUG: main.py: main: confs['attrib'] >>> key='color_merge_a' value='GREEN,NORMAL'
DEBUG: main.py: main: confs['attrib'] >>> key='color_merge_c' value='YELLOW,NORMAL'
DEBUG: main.py: main: confs['attrib'] >>> key='color_merge_wdiff' value='WHITE,NORMAL'
DEBUG: main.py: main: confs['attrib'] >>> key='color_a' value='GREEN,BOLD'
DEBUG: main.py: main: confs['attrib'] >>> key='color_a_focus' value='GREEN,BOLD,REVERSE'
DEBUG: main.py: main: confs['attrib'] >>> key='color_b2' value='YELLOW,BOLD'
DEBUG: main.py: main: confs['attrib'] >>> key='color_b2_focus' value='YELLOW,BOLD,REVERSE'
DEBUG: main.py: main: confs['attrib'] >>> key='color_b3' value='MAGENTA,BOLD'
DEBUG: main.py: main: confs['attrib'] >>> key='color_b3_focus' value='MAGENTA,BOLD,REVERSE'
DEBUG: main.py: main: confs['attrib'] >>> key='color_c' value='YELLOW,BOLD'
DEBUG: main.py: main: confs['attrib'] >>> key='color_c_focus' value='YELLOW,BOLD,REVERSE'
DEBUG: main.py: main: confs['attrib'] >>> key='color_editor' value='CYAN,BOLD'
DEBUG: main.py: main: confs['attrib'] >>> key='color_editor_focus' value='CYAN,BOLD,REVERSE'
DEBUG: main.py: main: confs['attrib'] >>> key='color_diff_marker' value='BLUE,NORMAL'
DEBUG: main.py: main: confs['attrib'] >>> key='color_diff_marker_focus' value='BLUE,NORMAL,REVERSE'
DEBUG: main.py: main: confs['attrib'] >>> key='color_wdiff_abc' value='WHITE,NORMAL'
DEBUG: main.py: main: confs['attrib'] >>> key='color_wdiff_abc_focus' value='WHITE,BOLD,REVERSE'
DEBUG: main.py: main: confs['attrib'] >>> key='color_wdiff_ac' value='WHITE,DIM'
DEBUG: main.py: main: confs['attrib'] >>> key='color_wdiff_ac_focus' value='WHITE,BOLD,REVERSE'
DEBUG: main.py: main: confs['attrib'] >>> key='color_wdiff_ab' value='WHITE,NORMAL'
DEBUG: main.py: main: confs['attrib'] >>> key='color_wdiff_ab_focus' value='WHITE,BOLD,REVERSE'
DEBUG: main.py: main: confs['attrib'] >>> key='color_wdiff_marker' value='BLUE,NORMAL'
DEBUG: main.py: main: confs['attrib'] >>> key='color_wdiff_marker_focus' value='BLUE,NORMAL,REVERSE'
DEBUG: main.py: main: confs['attrib'] >>> key='color_status' value='WHITE,NORMAL'
DEBUG: main.py: main: confs['attrib'] >>> key='color_status_focus' value='WHITE,BOLD,REVERSE'
DEBUG: main.py: main: confs['attrib'] >>> key='color_white_bold' value='WHITE,BOLD'
DEBUG: main.py: main: confs['attrib'] >>> key='color_white' value='WHITE,NORMAL'
DEBUG: main.py: main: confs['attrib'] >>> key='color_white_reverse' value='WHITE,BOLD,REVERSE'
DEBUG: main.py: main: confs['attrib'] >>> key='color_warn' value='RED,BOLD'
DEBUG: main.py: main: confs['attrib'] >>> key='color_eof' value='BLUE,DIM,REVERSE'
DEBUG: main.py: main: confs['attrib'] >>> key='color_mono' value='WHITE,NORMAL'
DEBUG: main.py: main: confs['line_separator'] >>> key='ls0' value='<<<<<<<'
DEBUG: main.py: main: confs['line_separator'] >>> key='ls1' value='|||||||'
DEBUG: main.py: main: confs['line_separator'] >>> key='ls2' value='======='
DEBUG: main.py: main: confs['line_separator'] >>> key='ls3' value='>>>>>>>'
DEBUG: main.py: main: confs['word_separator'] >>> key='ws0' value='{'
DEBUG: main.py: main: confs['word_separator'] >>> key='ws1' value='|'
DEBUG: main.py: main: confs['word_separator'] >>> key='ws2' value='|'
DEBUG: main.py: main: confs['word_separator'] >>> key='ws3' value='}'
DEBUG: main.py: main: external editor /usr/bin/nvim found as /usr/bin/nvim
DEBUG: main.py: main: === diff0 === Tutorial for diff2 ===
DEBUG: cli.py: __init__: starting initialization ...
DEBUG: lines2lib.py: get_opcodes: _LineMatcher ===  a[0:25]/b[0:1]  ===  line_full[:]  ===
DEBUG: lines2lib.py: get_opcodes: _LineMatcher_filter a[0] -> full:am[0]='==============================================================================='
DEBUG: lines2lib.py: get_opcodes: _LineMatcher_filter a[1] -> full:am[1]='imediff(version3.1)'
DEBUG: lines2lib.py: get_opcodes: _LineMatcher_filter a[2] -> full:am[2]=''
DEBUG: lines2lib.py: get_opcodes: _LineMatcher_filter a[3] -> full:am[3]='Theimediffcommandhelpsyoutomerge2slightlydifferentfileswithan'
DEBUG: lines2lib.py: get_opcodes: _LineMatcher_filter a[4] -> full:am[4]='optionalbasefileinteractivelyusingthein-placealternatingdisplayof'
DEBUG: lines2lib.py: get_opcodes: _LineMatcher_filter a[5] -> full:am[5]='thechangedcontentonasingle-panefullscreenterminaluserinterface.'
DEBUG: lines2lib.py: get_opcodes: _LineMatcher_filter a[6] -> full:am[6]=''
DEBUG: lines2lib.py: get_opcodes: _LineMatcher_filter a[7] -> full:am[7]='Thesourceoflineisclearlyidentifiedbythecolorofthelineorthe'
DEBUG: lines2lib.py: get_opcodes: _LineMatcher_filter a[8] -> full:am[8]='identifiercharacteratthefirstcolumn.'
DEBUG: lines2lib.py: get_opcodes: _LineMatcher_filter a[9] -> full:am[9]=''
DEBUG: lines2lib.py: get_opcodes: _LineMatcher_filter a[10] -> full:am[10]='Fromtheconsolecommandlineprompt,type:'
DEBUG: lines2lib.py: get_opcodes: _LineMatcher_filter a[11] -> full:am[11]='*imedifftoreadthetutorial,'
DEBUG: lines2lib.py: get_opcodes: _LineMatcher_filter a[12] -> full:am[12]='*imediff-htogetallthecommandlineoptions,'
DEBUG: lines2lib.py: get_opcodes: _LineMatcher_filter a[13] -> full:am[13]='*imediff-ooutputoldernewertomerge2files,and'
DEBUG: lines2lib.py: get_opcodes: _LineMatcher_filter a[14] -> full:am[14]='*imediff-ooutputyoursbasetheirstomerge3files.'
DEBUG: lines2lib.py: get_opcodes: _LineMatcher_filter a[15] -> full:am[15]=''
DEBUG: lines2lib.py: get_opcodes: _LineMatcher_filter a[16] -> full:am[16]='Forusageinstructions,typehandHintheinteractivescreen.'
DEBUG: lines2lib.py: get_opcodes: _LineMatcher_filter a[17] -> full:am[17]=''
DEBUG: lines2lib.py: get_opcodes: _LineMatcher_filter a[18] -> full:am[18]='*Copyright(C)2003,2004JarnoElonen<elonen@iki.fi>'
DEBUG: lines2lib.py: get_opcodes: _LineMatcher_filter a[19] -> full:am[19]='*Copyright(C)2018,2024OsamuAoki<osamu@debian.org>'
DEBUG: lines2lib.py: get_opcodes: _LineMatcher_filter a[20] -> full:am[20]=''
DEBUG: lines2lib.py: get_opcodes: _LineMatcher_filter a[21] -> full:am[21]='License:GPL2.0+'
DEBUG: lines2lib.py: get_opcodes: _LineMatcher_filter a[22] -> full:am[22]='==============================================================================='
DEBUG: lines2lib.py: get_opcodes: _LineMatcher_filter a[23] -> full:am[23]=''
DEBUG: lines2lib.py: get_opcodes: _LineMatcher_filter a[24] -> full:am[24]='Typeqtoquitthistutorial.'
DEBUG: lines2lib.py: get_opcodes: _LineMatcher_filter b[0] -> full:bm[0]=''
DEBUG: lines2lib.py: get_opcodes: << SequenceMatcher_tag=delete  ===  a[0:2]/b[0:0]
DEBUG: lines2lib.py: get_opcodes: >> _LineMatcher_tag=N  ===  a[0:2]/b[0:0]  === delete one side
DEBUG: lines2lib.py: get_opcodes: << SequenceMatcher_tag=equal  ===  a[2:3]/b[0:1]
DEBUG: lines2lib.py: get_opcodes: >> _LineMatcher_tag=E  ===  a[2:3]/b[0:1]  === full match
DEBUG: lines2lib.py: get_opcodes: << SequenceMatcher_tag=delete  ===  a[3:25]/b[1:1]
DEBUG: lines2lib.py: get_opcodes: >> _LineMatcher_tag=N  ===  a[3:25]/b[1:1]  === delete one side
DEBUG: cli.py: init_chunk_list: chunk[0]: tag=N === a[0:2], b[0:0] === action='d' len(merge_buffer)=0
DEBUG: cli.py: init_chunk_list: chunk[1]: tag=F === a[2:3], b[0:1] === action='d' len(merge_buffer)=0
DEBUG: cli.py: init_chunk_list: chunk[2]: tag=N === a[3:25], b[1:1] === action='d' len(merge_buffer)=0
DEBUG: cli.py: init_chunk_list: usr_chunk_index=0 --> chunk[0]
DEBUG: cli.py: init_chunk_list: usr_chunk_index=1 --> chunk[1]
DEBUG: cli.py: init_chunk_list: usr_chunk_index=2 --> chunk[2]
DEBUG: cli.py: __init__: finished initialization
DEBUG: cli.py: main: start with macro = 'q'
DEBUG: cli.py: get_macro_command: key=q
DEBUG: cli.py: main: macro ='' >> ch='q')
DEBUG: cli.py: main: end
DEBUG: main.py: main: end of main
