MACRO:a --> TranslatedKey=h
MACRO:b --> TranslatedKey=a
MACRO:c --> TranslatedKey=b
MACRO:d --> TranslatedKey=c
MACRO:e --> TranslatedKey=d
MACRO:f --> TranslatedKey=e
MACRO:g --> TranslatedKey=f
MACRO:h --> TranslatedKey=g
MACRO:i --> TranslatedKey=j
MACRO:j --> TranslatedKey=k
MACRO:k --> TranslatedKey=m
MACRO:l --> TranslatedKey=n
MACRO:m --> TranslatedKey=p
MACRO:n --> TranslatedKey=q
MACRO:o --> TranslatedKey=s
MACRO:p --> TranslatedKey=t
MACRO:q --> TranslatedKey=w
MACRO:r --> TranslatedKey=x
MACRO:s --> TranslatedKey=y
MACRO:t --> TranslatedKey=z
MACRO:u --> TranslatedKey=u
MACRO:v --> TranslatedKey=v
MACRO:w --> TranslatedKey=w
MACRO:x --> TranslatedKey=x
MACRO:y --> TranslatedKey=y
MACRO:A --> TranslatedKey=H
MACRO:B --> TranslatedKey=A
MACRO:C --> TranslatedKey=B
MACRO:D --> TranslatedKey=C
MACRO:E --> TranslatedKey=D
MACRO:F --> TranslatedKey=E
MACRO:G --> TranslatedKey=F
MACRO:H --> TranslatedKey=G
MACRO:I --> TranslatedKey=J
MACRO:J --> TranslatedKey=K
MACRO:K --> TranslatedKey=M
MACRO:L --> TranslatedKey=N
MACRO:M --> TranslatedKey=P
MACRO:N --> TranslatedKey=Q
MACRO:O --> TranslatedKey=S
MACRO:P --> TranslatedKey=T
MACRO:Q --> TranslatedKey=W
MACRO:R --> TranslatedKey=X
MACRO:S --> TranslatedKey=Y
MACRO:T --> TranslatedKey=Z
MACRO:U --> TranslatedKey=U
MACRO:V --> TranslatedKey=V
MACRO:W --> TranslatedKey=W
MACRO:X --> TranslatedKey=X
MACRO:Y --> TranslatedKey=Y
